// Jest Snapshot v1, https://goo.gl/fbAQLP

exports[`render auth 1`] = `
<div>
  <div>
    <h2>
      auth ok
    </h2>
  </div>
  <div>
    <h2>
      no auth
    </h2>
  </div>
</div>
`;
